tokenizer error: Expecting contains keyword before procedure definition
