(TranslationUnit
    (SymbolTable
        1
        {
            preprocessor22:
                (Program
                    (SymbolTable
                        2
                        {
                            
                        })
                    preprocessor22
                    []
                    [(Print
                        (StringConstant
                            "Both VAR1 and VAR2 are defined."
                            (String 1 (IntegerConstant 31 (Integer 4) Decimal) .false. .false. PointerString)
                        )
                    )
                    (Print
                        (StringConstant
                            "At least one of VAR3 or VAR4 is defined."
                            (String 1 (IntegerConstant 40 (Integer 4) Decimal) .false. .false. PointerString)
                        )
                    )]
                )
        })
    []
)
