; ModuleID = 'LFortran'
source_filename = "LFortran"

%string_descriptor = type <{ i8*, i64 }>

@main.n = internal global i32 3
@0 = private unnamed_addr constant [2 x i8] c"\0A\00", align 1
@serialization_info = private unnamed_addr constant [3 x i8] c"R4\00", align 1
@1 = private unnamed_addr constant [5 x i8] c"%s%s\00", align 1
@string_const_data = private constant [11 x i8] c"ERROR STOP\00"
@string_const = private global %string_descriptor <{ i8* getelementptr inbounds ([11 x i8], [11 x i8]* @string_const_data, i32 0, i32 0), i64 10 }>
@string_const_data.1 = private constant [2 x i8] c"\0A\00"
@string_const.2 = private global %string_descriptor <{ i8* getelementptr inbounds ([2 x i8], [2 x i8]* @string_const_data.1, i32 0, i32 0), i64 1 }>
@2 = private unnamed_addr constant [5 x i8] c"%s%s\00", align 1
@string_const_data.3 = private constant [11 x i8] c"ERROR STOP\00"
@string_const.4 = private global %string_descriptor <{ i8* getelementptr inbounds ([11 x i8], [11 x i8]* @string_const_data.3, i32 0, i32 0), i64 10 }>
@string_const_data.5 = private constant [2 x i8] c"\0A\00"
@string_const.6 = private global %string_descriptor <{ i8* getelementptr inbounds ([2 x i8], [2 x i8]* @string_const_data.5, i32 0, i32 0), i64 1 }>
@3 = private unnamed_addr constant [5 x i8] c"%s%s\00", align 1
@string_const_data.7 = private constant [11 x i8] c"ERROR STOP\00"
@string_const.8 = private global %string_descriptor <{ i8* getelementptr inbounds ([11 x i8], [11 x i8]* @string_const_data.7, i32 0, i32 0), i64 10 }>
@string_const_data.9 = private constant [2 x i8] c"\0A\00"
@string_const.10 = private global %string_descriptor <{ i8* getelementptr inbounds ([2 x i8], [2 x i8]* @string_const_data.9, i32 0, i32 0), i64 1 }>
@4 = private unnamed_addr constant [5 x i8] c"%s%s\00", align 1
@string_const_data.11 = private constant [11 x i8] c"ERROR STOP\00"
@string_const.12 = private global %string_descriptor <{ i8* getelementptr inbounds ([11 x i8], [11 x i8]* @string_const_data.11, i32 0, i32 0), i64 10 }>
@string_const_data.13 = private constant [2 x i8] c"\0A\00"
@string_const.14 = private global %string_descriptor <{ i8* getelementptr inbounds ([2 x i8], [2 x i8]* @string_const_data.13, i32 0, i32 0), i64 1 }>
@5 = private unnamed_addr constant [5 x i8] c"%s%s\00", align 1
@string_const_data.15 = private constant [11 x i8] c"ERROR STOP\00"
@string_const.16 = private global %string_descriptor <{ i8* getelementptr inbounds ([11 x i8], [11 x i8]* @string_const_data.15, i32 0, i32 0), i64 10 }>
@string_const_data.17 = private constant [2 x i8] c"\0A\00"
@string_const.18 = private global %string_descriptor <{ i8* getelementptr inbounds ([2 x i8], [2 x i8]* @string_const_data.17, i32 0, i32 0), i64 1 }>
@6 = private unnamed_addr constant [5 x i8] c"%s%s\00", align 1
@main.b = internal global [3 x i32] zeroinitializer
@25 = private unnamed_addr constant [2 x i8] c"b\00", align 1
@26 = private unnamed_addr constant [120 x i8] c"Runtime error: Array '%s' index out of bounds.\0A\0ATried to access index %d of dimension %d, but valid range is %d to %d.\0A\00", align 1
@27 = private unnamed_addr constant [2 x i8] c"b\00", align 1
@28 = private unnamed_addr constant [120 x i8] c"Runtime error: Array '%s' index out of bounds.\0A\0ATried to access index %d of dimension %d, but valid range is %d to %d.\0A\00", align 1
@29 = private unnamed_addr constant [2 x i8] c"b\00", align 1
@30 = private unnamed_addr constant [120 x i8] c"Runtime error: Array '%s' index out of bounds.\0A\0ATried to access index %d of dimension %d, but valid range is %d to %d.\0A\00", align 1

define i32 @main(i32 %0, i8** %1) {
.entry:
  %__1_k = alloca i32, align 4
  call void @_lpython_call_initial_functions(i32 %0, i8** %1)
  %__1_k1 = alloca i32, align 4
  store i32 1, i32* %__1_k1, align 4
  %2 = load i32, i32* %__1_k1, align 4
  %3 = sub i32 %2, 1
  %4 = mul i32 1, %3
  %5 = add i32 0, %4
  %6 = icmp sgt i32 %2, 3
  %7 = icmp slt i32 %2, 1
  %8 = or i1 %7, %6
  br i1 %8, label %then, label %else

then:                                             ; preds = %.entry
  call void (i8*, ...) @_lcompilers_print_error(i8* getelementptr inbounds ([120 x i8], [120 x i8]* @26, i32 0, i32 0), i8* getelementptr inbounds ([2 x i8], [2 x i8]* @25, i32 0, i32 0), i32 %2, i32 1, i32 1, i32 3)
  call void @exit(i32 1)
  br label %ifcont

else:                                             ; preds = %.entry
  br label %ifcont

ifcont:                                           ; preds = %else, %then
  %9 = getelementptr [3 x i32], [3 x i32]* @main.b, i32 0, i32 %5
  store i32 10, i32* %9, align 4
  store i32 2, i32* %__1_k1, align 4
  %10 = load i32, i32* %__1_k1, align 4
  %11 = sub i32 %10, 1
  %12 = mul i32 1, %11
  %13 = add i32 0, %12
  %14 = icmp sgt i32 %10, 3
  %15 = icmp slt i32 %10, 1
  %16 = or i1 %15, %14
  br i1 %16, label %then2, label %else3

then2:                                            ; preds = %ifcont
  call void (i8*, ...) @_lcompilers_print_error(i8* getelementptr inbounds ([120 x i8], [120 x i8]* @28, i32 0, i32 0), i8* getelementptr inbounds ([2 x i8], [2 x i8]* @27, i32 0, i32 0), i32 %10, i32 1, i32 1, i32 3)
  call void @exit(i32 1)
  br label %ifcont4

else3:                                            ; preds = %ifcont
  br label %ifcont4

ifcont4:                                          ; preds = %else3, %then2
  %17 = getelementptr [3 x i32], [3 x i32]* @main.b, i32 0, i32 %13
  store i32 20, i32* %17, align 4
  store i32 3, i32* %__1_k1, align 4
  %18 = load i32, i32* %__1_k1, align 4
  %19 = sub i32 %18, 1
  %20 = mul i32 1, %19
  %21 = add i32 0, %20
  %22 = icmp sgt i32 %18, 3
  %23 = icmp slt i32 %18, 1
  %24 = or i1 %23, %22
  br i1 %24, label %then5, label %else6

then5:                                            ; preds = %ifcont4
  call void (i8*, ...) @_lcompilers_print_error(i8* getelementptr inbounds ([120 x i8], [120 x i8]* @30, i32 0, i32 0), i8* getelementptr inbounds ([2 x i8], [2 x i8]* @29, i32 0, i32 0), i32 %18, i32 1, i32 1, i32 3)
  call void @exit(i32 1)
  br label %ifcont7

else6:                                            ; preds = %ifcont4
  br label %ifcont7

ifcont7:                                          ; preds = %else6, %then5
  %25 = getelementptr [3 x i32], [3 x i32]* @main.b, i32 0, i32 %21
  store i32 30, i32* %25, align 4
  call void @driver(void (i32*, i32*, i32*)* @implicit_interface_check, i32* getelementptr inbounds ([3 x i32], [3 x i32]* @main.b, i32 0, i32 0), i32* @main.n)
  call void @_lpython_free_argv()
  br label %return

return:                                           ; preds = %ifcont7
  ret i32 0
}

define void @driver(void (i32*, i32*, i32*)* %fnc, i32* %arr, i32* %m) {
.entry:
  %0 = alloca float, align 4
  store float 1.000000e+00, float* %0, align 4
  %1 = call i8* (i8*, i64, i8*, i32, i32, ...) @_lcompilers_string_format_fortran(i8* null, i64 0, i8* getelementptr inbounds ([3 x i8], [3 x i8]* @serialization_info, i32 0, i32 0), i32 0, i32 0, float* %0)
  %2 = call i64 @_lfortran_str_len(i8* %1)
  %3 = call i8* @_lfortran_malloc(i64 16)
  %stringFormat_desc = bitcast i8* %3 to %string_descriptor*
  %4 = getelementptr %string_descriptor, %string_descriptor* %stringFormat_desc, i32 0, i32 0
  store i8* %1, i8** %4, align 8
  %5 = getelementptr %string_descriptor, %string_descriptor* %stringFormat_desc, i32 0, i32 1
  store i64 %2, i64* %5, align 4
  %6 = getelementptr %string_descriptor, %string_descriptor* %stringFormat_desc, i32 0, i32 0
  %7 = load i8*, i8** %6, align 8
  call void (i8*, ...) @_lfortran_printf(i8* getelementptr inbounds ([5 x i8], [5 x i8]* @1, i32 0, i32 0), i8* %7, i8* getelementptr inbounds ([2 x i8], [2 x i8]* @0, i32 0, i32 0))
  %8 = load i32, i32* %m, align 4
  %9 = mul i32 1, %8
  %10 = getelementptr inbounds i32, i32* %arr, i32 2
  call void %fnc(i32* %arr, i32* %m, i32* %10)
  br label %return

return:                                           ; preds = %ifcont
  ret void
}

declare void @fnc(i32*, i32*, i32*)

define void @implicit_interface_check(i32* %arr1, i32* %m, i32* %c) {
.entry:
  %0 = load i32, i32* %m, align 4
  %1 = icmp ne i32 %0, 3
  br i1 %1, label %then, label %else

then:                                             ; preds = %.entry
  %2 = load i8*, i8** getelementptr inbounds (%string_descriptor, %string_descriptor* @string_const, i32 0, i32 0), align 8
  %3 = load i8*, i8** getelementptr inbounds (%string_descriptor, %string_descriptor* @string_const.2, i32 0, i32 0), align 8
  call void (i8*, ...) @_lcompilers_print_error(i8* getelementptr inbounds ([5 x i8], [5 x i8]* @2, i32 0, i32 0), i8* %2, i8* %3)
  call void @exit(i32 1)
  br label %ifcont

else:                                             ; preds = %.entry
  br label %ifcont

ifcont:                                           ; preds = %else, %then
  %4 = load i32, i32* %c, align 4
  %5 = icmp ne i32 %4, 30
  br i1 %5, label %then1, label %else2

then1:                                            ; preds = %ifcont
  %6 = load i8*, i8** getelementptr inbounds (%string_descriptor, %string_descriptor* @string_const.4, i32 0, i32 0), align 8
  %7 = load i8*, i8** getelementptr inbounds (%string_descriptor, %string_descriptor* @string_const.6, i32 0, i32 0), align 8
  call void (i8*, ...) @_lcompilers_print_error(i8* getelementptr inbounds ([5 x i8], [5 x i8]* @3, i32 0, i32 0), i8* %6, i8* %7)
  call void @exit(i32 1)
  br label %ifcont3

else2:                                            ; preds = %ifcont
  br label %ifcont3

ifcont3:                                          ; preds = %else2, %then1
  %8 = load i32, i32* %m, align 4
  %9 = mul i32 1, %8
  %10 = getelementptr inbounds i32, i32* %arr1, i32 0
  %11 = load i32, i32* %10, align 4
  %12 = icmp ne i32 %11, 10
  br i1 %12, label %then4, label %else5

then4:                                            ; preds = %ifcont3
  %13 = load i8*, i8** getelementptr inbounds (%string_descriptor, %string_descriptor* @string_const.8, i32 0, i32 0), align 8
  %14 = load i8*, i8** getelementptr inbounds (%string_descriptor, %string_descriptor* @string_const.10, i32 0, i32 0), align 8
  call void (i8*, ...) @_lcompilers_print_error(i8* getelementptr inbounds ([5 x i8], [5 x i8]* @4, i32 0, i32 0), i8* %13, i8* %14)
  call void @exit(i32 1)
  br label %ifcont6

else5:                                            ; preds = %ifcont3
  br label %ifcont6

ifcont6:                                          ; preds = %else5, %then4
  %15 = load i32, i32* %m, align 4
  %16 = mul i32 1, %15
  %17 = getelementptr inbounds i32, i32* %arr1, i32 1
  %18 = load i32, i32* %17, align 4
  %19 = icmp ne i32 %18, 20
  br i1 %19, label %then7, label %else8

then7:                                            ; preds = %ifcont6
  %20 = load i8*, i8** getelementptr inbounds (%string_descriptor, %string_descriptor* @string_const.12, i32 0, i32 0), align 8
  %21 = load i8*, i8** getelementptr inbounds (%string_descriptor, %string_descriptor* @string_const.14, i32 0, i32 0), align 8
  call void (i8*, ...) @_lcompilers_print_error(i8* getelementptr inbounds ([5 x i8], [5 x i8]* @5, i32 0, i32 0), i8* %20, i8* %21)
  call void @exit(i32 1)
  br label %ifcont9

else8:                                            ; preds = %ifcont6
  br label %ifcont9

ifcont9:                                          ; preds = %else8, %then7
  %22 = load i32, i32* %m, align 4
  %23 = mul i32 1, %22
  %24 = getelementptr inbounds i32, i32* %arr1, i32 2
  %25 = load i32, i32* %24, align 4
  %26 = icmp ne i32 %25, 30
  br i1 %26, label %then10, label %else11

then10:                                           ; preds = %ifcont9
  %27 = load i8*, i8** getelementptr inbounds (%string_descriptor, %string_descriptor* @string_const.16, i32 0, i32 0), align 8
  %28 = load i8*, i8** getelementptr inbounds (%string_descriptor, %string_descriptor* @string_const.18, i32 0, i32 0), align 8
  call void (i8*, ...) @_lcompilers_print_error(i8* getelementptr inbounds ([5 x i8], [5 x i8]* @6, i32 0, i32 0), i8* %27, i8* %28)
  call void @exit(i32 1)
  br label %ifcont12

else11:                                           ; preds = %ifcont9
  br label %ifcont12

ifcont12:                                         ; preds = %else11, %then10
  %18 = mul i32 1, %13
  %19 = getelementptr inbounds i32, i32* %arr1, i32 1
  %20 = load i32, i32* %19, align 4
  %21 = icmp ne i32 %20, 20
  br i1 %21, label %then13, label %else14

then13:                                           ; preds = %ifcont12
  call void (i8*, ...) @_lcompilers_print_error(i8* getelementptr inbounds ([5 x i8], [5 x i8]* @19, i32 0, i32 0), i8* getelementptr inbounds ([11 x i8], [11 x i8]* @17, i32 0, i32 0), i8* getelementptr inbounds ([2 x i8], [2 x i8]* @18, i32 0, i32 0))
  call void @exit(i32 1)
  br label %ifcont15

else14:                                           ; preds = %ifcont12
  br label %ifcont15

ifcont15:                                         ; preds = %else14, %then13
  %22 = load i32, i32* %m, align 4
  %23 = add i32 1, %22
  %24 = sub i32 %23, 1
  %25 = icmp sgt i32 3, %24
  %26 = or i1 false, %25
  br i1 %26, label %then16, label %else17

then16:                                           ; preds = %ifcont15
  call void (i8*, ...) @_lcompilers_print_error(i8* getelementptr inbounds ([120 x i8], [120 x i8]* @21, i32 0, i32 0), i8* getelementptr inbounds ([5 x i8], [5 x i8]* @20, i32 0, i32 0), i32 3, i32 1, i32 1, i32 %24)
  call void @exit(i32 1)
  br label %ifcont18

else17:                                           ; preds = %ifcont15
  br label %ifcont18

ifcont18:                                         ; preds = %else17, %then16
  %27 = mul i32 1, %22
  %28 = getelementptr inbounds i32, i32* %arr1, i32 2
  %29 = load i32, i32* %28, align 4
  %30 = icmp ne i32 %29, 30
  br i1 %30, label %then19, label %else20

then19:                                           ; preds = %ifcont18
  call void (i8*, ...) @_lcompilers_print_error(i8* getelementptr inbounds ([5 x i8], [5 x i8]* @24, i32 0, i32 0), i8* getelementptr inbounds ([11 x i8], [11 x i8]* @22, i32 0, i32 0), i8* getelementptr inbounds ([2 x i8], [2 x i8]* @23, i32 0, i32 0))
  call void @exit(i32 1)
  br label %ifcont21

else20:                                           ; preds = %ifcont18
  br label %ifcont21

ifcont21:                                         ; preds = %else20, %then19
  br label %return

return:                                           ; preds = %ifcont21
  ret void
}

declare i8* @_lcompilers_string_format_fortran(i8*, i64, i8*, i32, i32, ...)

declare i64 @_lfortran_str_len(i8*)

declare i8* @_lfortran_malloc(i64)

declare void @_lfortran_printf(i8*, ...)

declare void @_lcompilers_print_error(i8*, ...)

declare void @exit(i32)

declare void @_lpython_call_initial_functions(i32, i8**)

declare void @_lpython_free_argv()
