; ModuleID = 'LFortran'
source_filename = "LFortran"

%string_descriptor = type <{ i8*, i64 }>

@string_const_data = private constant [11 x i8] c"ERROR STOP\00"
@string_const = private global %string_descriptor <{ i8* getelementptr inbounds ([11 x i8], [11 x i8]* @string_const_data, i32 0, i32 0), i64 10 }>
@string_const_data.1 = private constant [2 x i8] c"\0A\00"
@string_const.2 = private global %string_descriptor <{ i8* getelementptr inbounds ([2 x i8], [2 x i8]* @string_const_data.1, i32 0, i32 0), i64 1 }>
@0 = private unnamed_addr constant [5 x i8] c"%s%s\00", align 1
@string_const_data.3 = private constant [11 x i8] c"ERROR STOP\00"
@string_const.4 = private global %string_descriptor <{ i8* getelementptr inbounds ([11 x i8], [11 x i8]* @string_const_data.3, i32 0, i32 0), i64 10 }>
@string_const_data.5 = private constant [2 x i8] c"\0A\00"
@string_const.6 = private global %string_descriptor <{ i8* getelementptr inbounds ([2 x i8], [2 x i8]* @string_const_data.5, i32 0, i32 0), i64 1 }>
@1 = private unnamed_addr constant [5 x i8] c"%s%s\00", align 1
@string_const_data.7 = private constant [11 x i8] c"ERROR STOP\00"
@string_const.8 = private global %string_descriptor <{ i8* getelementptr inbounds ([11 x i8], [11 x i8]* @string_const_data.7, i32 0, i32 0), i64 10 }>
@string_const_data.9 = private constant [2 x i8] c"\0A\00"
@string_const.10 = private global %string_descriptor <{ i8* getelementptr inbounds ([2 x i8], [2 x i8]* @string_const_data.9, i32 0, i32 0), i64 1 }>
@2 = private unnamed_addr constant [5 x i8] c"%s%s\00", align 1
@string_const_data.11 = private constant [11 x i8] c"ERROR STOP\00"
@string_const.12 = private global %string_descriptor <{ i8* getelementptr inbounds ([11 x i8], [11 x i8]* @string_const_data.11, i32 0, i32 0), i64 10 }>
@string_const_data.13 = private constant [2 x i8] c"\0A\00"
@string_const.14 = private global %string_descriptor <{ i8* getelementptr inbounds ([2 x i8], [2 x i8]* @string_const_data.13, i32 0, i32 0), i64 1 }>
@3 = private unnamed_addr constant [5 x i8] c"%s%s\00", align 1
@string_const_data.15 = private constant [11 x i8] c"ERROR STOP\00"
@string_const.16 = private global %string_descriptor <{ i8* getelementptr inbounds ([11 x i8], [11 x i8]* @string_const_data.15, i32 0, i32 0), i64 10 }>
@string_const_data.17 = private constant [2 x i8] c"\0A\00"
@string_const.18 = private global %string_descriptor <{ i8* getelementptr inbounds ([2 x i8], [2 x i8]* @string_const_data.17, i32 0, i32 0), i64 1 }>
@4 = private unnamed_addr constant [5 x i8] c"%s%s\00", align 1
@string_const_data.19 = private constant [11 x i8] c"ERROR STOP\00"
@string_const.20 = private global %string_descriptor <{ i8* getelementptr inbounds ([11 x i8], [11 x i8]* @string_const_data.19, i32 0, i32 0), i64 10 }>
@string_const_data.21 = private constant [2 x i8] c"\0A\00"
@string_const.22 = private global %string_descriptor <{ i8* getelementptr inbounds ([2 x i8], [2 x i8]* @string_const_data.21, i32 0, i32 0), i64 1 }>
@5 = private unnamed_addr constant [5 x i8] c"%s%s\00", align 1
@string_const_data.23 = private constant [11 x i8] c"ERROR STOP\00"
@string_const.24 = private global %string_descriptor <{ i8* getelementptr inbounds ([11 x i8], [11 x i8]* @string_const_data.23, i32 0, i32 0), i64 10 }>
@string_const_data.25 = private constant [2 x i8] c"\0A\00"
@string_const.26 = private global %string_descriptor <{ i8* getelementptr inbounds ([2 x i8], [2 x i8]* @string_const_data.25, i32 0, i32 0), i64 1 }>
@6 = private unnamed_addr constant [5 x i8] c"%s%s\00", align 1
@string_const_data.27 = private constant [11 x i8] c"ERROR STOP\00"
@string_const.28 = private global %string_descriptor <{ i8* getelementptr inbounds ([11 x i8], [11 x i8]* @string_const_data.27, i32 0, i32 0), i64 10 }>
@string_const_data.29 = private constant [2 x i8] c"\0A\00"
@string_const.30 = private global %string_descriptor <{ i8* getelementptr inbounds ([2 x i8], [2 x i8]* @string_const_data.29, i32 0, i32 0), i64 1 }>
@7 = private unnamed_addr constant [5 x i8] c"%s%s\00", align 1
@string_const_data.31 = private constant [11 x i8] c"ERROR STOP\00"
@string_const.32 = private global %string_descriptor <{ i8* getelementptr inbounds ([11 x i8], [11 x i8]* @string_const_data.31, i32 0, i32 0), i64 10 }>
@string_const_data.33 = private constant [2 x i8] c"\0A\00"
@string_const.34 = private global %string_descriptor <{ i8* getelementptr inbounds ([2 x i8], [2 x i8]* @string_const_data.33, i32 0, i32 0), i64 1 }>
@8 = private unnamed_addr constant [5 x i8] c"%s%s\00", align 1
@string_const_data.35 = private constant [11 x i8] c"ERROR STOP\00"
@string_const.36 = private global %string_descriptor <{ i8* getelementptr inbounds ([11 x i8], [11 x i8]* @string_const_data.35, i32 0, i32 0), i64 10 }>
@string_const_data.37 = private constant [2 x i8] c"\0A\00"
@string_const.38 = private global %string_descriptor <{ i8* getelementptr inbounds ([2 x i8], [2 x i8]* @string_const_data.37, i32 0, i32 0), i64 1 }>
@9 = private unnamed_addr constant [5 x i8] c"%s%s\00", align 1
@string_const_data.39 = private constant [11 x i8] c"ERROR STOP\00"
@string_const.40 = private global %string_descriptor <{ i8* getelementptr inbounds ([11 x i8], [11 x i8]* @string_const_data.39, i32 0, i32 0), i64 10 }>
@string_const_data.41 = private constant [2 x i8] c"\0A\00"
@string_const.42 = private global %string_descriptor <{ i8* getelementptr inbounds ([2 x i8], [2 x i8]* @string_const_data.41, i32 0, i32 0), i64 1 }>
@10 = private unnamed_addr constant [5 x i8] c"%s%s\00", align 1
@string_const_data.43 = private constant [11 x i8] c"ERROR STOP\00"
@string_const.44 = private global %string_descriptor <{ i8* getelementptr inbounds ([11 x i8], [11 x i8]* @string_const_data.43, i32 0, i32 0), i64 10 }>
@string_const_data.45 = private constant [2 x i8] c"\0A\00"
@string_const.46 = private global %string_descriptor <{ i8* getelementptr inbounds ([2 x i8], [2 x i8]* @string_const_data.45, i32 0, i32 0), i64 1 }>
@11 = private unnamed_addr constant [5 x i8] c"%s%s\00", align 1
@string_const_data.47 = private constant [11 x i8] c"ERROR STOP\00"
@string_const.48 = private global %string_descriptor <{ i8* getelementptr inbounds ([11 x i8], [11 x i8]* @string_const_data.47, i32 0, i32 0), i64 10 }>
@string_const_data.49 = private constant [2 x i8] c"\0A\00"
@string_const.50 = private global %string_descriptor <{ i8* getelementptr inbounds ([2 x i8], [2 x i8]* @string_const_data.49, i32 0, i32 0), i64 1 }>
@12 = private unnamed_addr constant [5 x i8] c"%s%s\00", align 1
@string_const_data.51 = private constant [11 x i8] c"ERROR STOP\00"
@string_const.52 = private global %string_descriptor <{ i8* getelementptr inbounds ([11 x i8], [11 x i8]* @string_const_data.51, i32 0, i32 0), i64 10 }>
@string_const_data.53 = private constant [2 x i8] c"\0A\00"
@string_const.54 = private global %string_descriptor <{ i8* getelementptr inbounds ([2 x i8], [2 x i8]* @string_const_data.53, i32 0, i32 0), i64 1 }>
@13 = private unnamed_addr constant [5 x i8] c"%s%s\00", align 1

define i32 @main(i32 %0, i8** %1) {
.entry:
  %i = alloca i32, align 4
  %size_a = alloca i32, align 4
  %size_b = alloca i32, align 4
  call void @_lpython_call_initial_functions(i32 %0, i8** %1)
  %a = alloca [3 x i32], align 4
  %b = alloca [4 x i32], align 4
  %i1 = alloca i32, align 4
  %size_a2 = alloca i32, align 4
  %size_b3 = alloca i32, align 4
  store i32 3, i32* %size_a2, align 4
  store i32 4, i32* %size_b3, align 4
  %2 = load i32, i32* %size_a2, align 4
  %3 = icmp ne i32 %2, 3
  br i1 %3, label %then, label %else

then:                                             ; preds = %.entry
  %4 = load i8*, i8** getelementptr inbounds (%string_descriptor, %string_descriptor* @string_const, i32 0, i32 0), align 8
  %5 = load i8*, i8** getelementptr inbounds (%string_descriptor, %string_descriptor* @string_const.2, i32 0, i32 0), align 8
  call void (i8*, ...) @_lcompilers_print_error(i8* getelementptr inbounds ([5 x i8], [5 x i8]* @0, i32 0, i32 0), i8* %4, i8* %5)
  call void @exit(i32 1)
  br label %ifcont

else:                                             ; preds = %.entry
  br label %ifcont

ifcont:                                           ; preds = %else, %then
  %6 = load i32, i32* %size_b3, align 4
  %7 = icmp ne i32 %6, 4
  br i1 %7, label %then4, label %else5

then4:                                            ; preds = %ifcont
  %8 = load i8*, i8** getelementptr inbounds (%string_descriptor, %string_descriptor* @string_const.4, i32 0, i32 0), align 8
  %9 = load i8*, i8** getelementptr inbounds (%string_descriptor, %string_descriptor* @string_const.6, i32 0, i32 0), align 8
  call void (i8*, ...) @_lcompilers_print_error(i8* getelementptr inbounds ([5 x i8], [5 x i8]* @1, i32 0, i32 0), i8* %8, i8* %9)
  call void @exit(i32 1)
  br label %ifcont6

else5:                                            ; preds = %ifcont
  br label %ifcont6

ifcont6:                                          ; preds = %else5, %then4
  store i32 0, i32* %i1, align 4
  br label %loop.head

loop.head:                                        ; preds = %loop.body, %ifcont6
  %10 = load i32, i32* %i1, align 4
  %11 = add i32 %10, 1
  %12 = load i32, i32* %size_a2, align 4
  %13 = icmp sle i32 %11, %12
  br i1 %13, label %loop.body, label %loop.end

loop.body:                                        ; preds = %loop.head
  %14 = load i32, i32* %i1, align 4
  %15 = add i32 %14, 1
  store i32 %15, i32* %i1, align 4
  %16 = load i32, i32* %i1, align 4
  %17 = sub i32 %16, 1
  %18 = mul i32 1, %17
  %19 = add i32 0, %18
  %20 = getelementptr [3 x i32], [3 x i32]* %a, i32 0, i32 %19
  %21 = load i32, i32* %i1, align 4
  %22 = add i32 %21, 10
  store i32 %22, i32* %20, align 4
  br label %loop.head

loop.end:                                         ; preds = %loop.head
  %23 = getelementptr [3 x i32], [3 x i32]* %a, i32 0, i32 0
  %24 = load i32, i32* %23, align 4
  %25 = icmp ne i32 %24, 11
  br i1 %25, label %then7, label %else8

then7:                                            ; preds = %loop.end
  %26 = load i8*, i8** getelementptr inbounds (%string_descriptor, %string_descriptor* @string_const.8, i32 0, i32 0), align 8
  %27 = load i8*, i8** getelementptr inbounds (%string_descriptor, %string_descriptor* @string_const.10, i32 0, i32 0), align 8
  call void (i8*, ...) @_lcompilers_print_error(i8* getelementptr inbounds ([5 x i8], [5 x i8]* @2, i32 0, i32 0), i8* %26, i8* %27)
  call void @exit(i32 1)
  br label %ifcont9

else8:                                            ; preds = %loop.body
  br label %ifcont9

ifcont9:                                          ; preds = %else8, %then7
  %28 = getelementptr [3 x i32], [3 x i32]* %a, i32 0, i32 1
  %29 = load i32, i32* %28, align 4
  %30 = icmp ne i32 %29, 12
  br i1 %30, label %then10, label %else11

then10:                                           ; preds = %ifcont9
  %31 = load i8*, i8** getelementptr inbounds (%string_descriptor, %string_descriptor* @string_const.12, i32 0, i32 0), align 8
  %32 = load i8*, i8** getelementptr inbounds (%string_descriptor, %string_descriptor* @string_const.14, i32 0, i32 0), align 8
  call void (i8*, ...) @_lcompilers_print_error(i8* getelementptr inbounds ([5 x i8], [5 x i8]* @3, i32 0, i32 0), i8* %31, i8* %32)
  call void @exit(i32 1)
  br label %ifcont12

else11:                                           ; preds = %loop.end
  br label %ifcont12

ifcont12:                                         ; preds = %else11, %then10
  %33 = getelementptr [3 x i32], [3 x i32]* %a, i32 0, i32 2
  %34 = load i32, i32* %33, align 4
  %35 = icmp ne i32 %34, 13
  br i1 %35, label %then13, label %else14

then13:                                           ; preds = %ifcont12
  %36 = load i8*, i8** getelementptr inbounds (%string_descriptor, %string_descriptor* @string_const.16, i32 0, i32 0), align 8
  %37 = load i8*, i8** getelementptr inbounds (%string_descriptor, %string_descriptor* @string_const.18, i32 0, i32 0), align 8
  call void (i8*, ...) @_lcompilers_print_error(i8* getelementptr inbounds ([5 x i8], [5 x i8]* @4, i32 0, i32 0), i8* %36, i8* %37)
  call void @exit(i32 1)
  br label %ifcont15

else14:                                           ; preds = %ifcont12
  br label %ifcont15

ifcont15:                                         ; preds = %else14, %then13
  br i1 false, label %then16, label %else17

loop.head16:                                      ; preds = %loop.body17, %ifcont15
  %38 = load i32, i32* %i1, align 4
  %39 = add i32 %38, 1
  %40 = load i32, i32* %size_b3, align 4
  %41 = add i32 10, %40
  %42 = icmp sle i32 %39, %41
  br i1 %42, label %loop.body17, label %loop.end18

loop.body17:                                      ; preds = %loop.head16
  %43 = load i32, i32* %i1, align 4
  %44 = add i32 %43, 1
  store i32 %44, i32* %i1, align 4
  %45 = load i32, i32* %i1, align 4
  %46 = sub i32 %45, 10
  %47 = sub i32 %46, 1
  %48 = mul i32 1, %47
  %49 = add i32 0, %48
  %50 = getelementptr [4 x i32], [4 x i32]* %b, i32 0, i32 %49
  %51 = load i32, i32* %i1, align 4
  store i32 %51, i32* %50, align 4
  br label %loop.head16

loop.end18:                                       ; preds = %loop.head16
  %52 = getelementptr [4 x i32], [4 x i32]* %b, i32 0, i32 0
  %53 = load i32, i32* %52, align 4
  %54 = icmp ne i32 %53, 11
  br i1 %54, label %then19, label %else20

then19:                                           ; preds = %loop.end18
  %55 = load i8*, i8** getelementptr inbounds (%string_descriptor, %string_descriptor* @string_const.20, i32 0, i32 0), align 8
  %56 = load i8*, i8** getelementptr inbounds (%string_descriptor, %string_descriptor* @string_const.22, i32 0, i32 0), align 8
  call void (i8*, ...) @_lcompilers_print_error(i8* getelementptr inbounds ([5 x i8], [5 x i8]* @5, i32 0, i32 0), i8* %55, i8* %56)
  call void @exit(i32 1)
  br label %ifcont21

else20:                                           ; preds = %ifcont18
  br label %ifcont21

ifcont21:                                         ; preds = %else20, %then19
  %57 = getelementptr [4 x i32], [4 x i32]* %b, i32 0, i32 1
  %58 = load i32, i32* %57, align 4
  %59 = icmp ne i32 %58, 12
  br i1 %59, label %then22, label %else23

then22:                                           ; preds = %ifcont21
  %60 = load i8*, i8** getelementptr inbounds (%string_descriptor, %string_descriptor* @string_const.24, i32 0, i32 0), align 8
  %61 = load i8*, i8** getelementptr inbounds (%string_descriptor, %string_descriptor* @string_const.26, i32 0, i32 0), align 8
  call void (i8*, ...) @_lcompilers_print_error(i8* getelementptr inbounds ([5 x i8], [5 x i8]* @6, i32 0, i32 0), i8* %60, i8* %61)
  call void @exit(i32 1)
  br label %ifcont24

else23:                                           ; preds = %ifcont21
  br label %ifcont24

ifcont24:                                         ; preds = %else23, %then22
  %62 = getelementptr [4 x i32], [4 x i32]* %b, i32 0, i32 2
  %63 = load i32, i32* %62, align 4
  %64 = icmp ne i32 %63, 13
  br i1 %64, label %then25, label %else26

then25:                                           ; preds = %ifcont24
  %65 = load i8*, i8** getelementptr inbounds (%string_descriptor, %string_descriptor* @string_const.28, i32 0, i32 0), align 8
  %66 = load i8*, i8** getelementptr inbounds (%string_descriptor, %string_descriptor* @string_const.30, i32 0, i32 0), align 8
  call void (i8*, ...) @_lcompilers_print_error(i8* getelementptr inbounds ([5 x i8], [5 x i8]* @7, i32 0, i32 0), i8* %65, i8* %66)
  call void @exit(i32 1)
  br label %ifcont27

else26:                                           ; preds = %ifcont24
  br label %ifcont27

ifcont27:                                         ; preds = %else26, %then25
  %67 = getelementptr [4 x i32], [4 x i32]* %b, i32 0, i32 3
  %68 = load i32, i32* %67, align 4
  %69 = icmp ne i32 %68, 14
  br i1 %69, label %then28, label %else29

then28:                                           ; preds = %ifcont27
  %70 = load i8*, i8** getelementptr inbounds (%string_descriptor, %string_descriptor* @string_const.32, i32 0, i32 0), align 8
  %71 = load i8*, i8** getelementptr inbounds (%string_descriptor, %string_descriptor* @string_const.34, i32 0, i32 0), align 8
  call void (i8*, ...) @_lcompilers_print_error(i8* getelementptr inbounds ([5 x i8], [5 x i8]* @8, i32 0, i32 0), i8* %70, i8* %71)
  call void @exit(i32 1)
  br label %ifcont32

else31:                                           ; preds = %loop.body29
  br label %ifcont32

ifcont32:                                         ; preds = %else31, %then30
  %46 = getelementptr [4 x i32], [4 x i32]* %b, i32 0, i32 %42
  %47 = load i32, i32* %i1, align 4
  store i32 %47, i32* %46, align 4
  br label %loop.head28

loop.head31:                                      ; preds = %loop.body32, %ifcont30
  %72 = load i32, i32* %i1, align 4
  %73 = add i32 %72, 1
  %74 = load i32, i32* %size_a2, align 4
  %75 = icmp sle i32 %73, %74
  br i1 %75, label %loop.body32, label %loop.end33

loop.body32:                                      ; preds = %loop.head31
  %76 = load i32, i32* %i1, align 4
  %77 = add i32 %76, 1
  store i32 %77, i32* %i1, align 4
  %78 = load i32, i32* %i1, align 4
  %79 = sub i32 %78, 1
  %80 = mul i32 1, %79
  %81 = add i32 0, %80
  %82 = getelementptr [4 x i32], [4 x i32]* %b, i32 0, i32 %81
  %83 = load i32, i32* %i1, align 4
  %84 = sub i32 %83, 1
  %85 = mul i32 1, %84
  %86 = add i32 0, %85
  %87 = getelementptr [3 x i32], [3 x i32]* %a, i32 0, i32 %86
  %88 = load i32, i32* %87, align 4
  %89 = sub i32 %88, 10
  store i32 %89, i32* %82, align 4
  br label %loop.head31

loop.end33:                                       ; preds = %loop.head31
  %90 = getelementptr [4 x i32], [4 x i32]* %b, i32 0, i32 0
  %91 = load i32, i32* %90, align 4
  %92 = icmp ne i32 %91, 1
  br i1 %92, label %then34, label %else35

then34:                                           ; preds = %loop.end33
  %93 = load i8*, i8** getelementptr inbounds (%string_descriptor, %string_descriptor* @string_const.36, i32 0, i32 0), align 8
  %94 = load i8*, i8** getelementptr inbounds (%string_descriptor, %string_descriptor* @string_const.38, i32 0, i32 0), align 8
  call void (i8*, ...) @_lcompilers_print_error(i8* getelementptr inbounds ([5 x i8], [5 x i8]* @9, i32 0, i32 0), i8* %93, i8* %94)
  call void @exit(i32 1)
  br label %ifcont36

else35:                                           ; preds = %loop.end33
  br label %ifcont36

ifcont36:                                         ; preds = %else35, %then34
  %95 = getelementptr [4 x i32], [4 x i32]* %b, i32 0, i32 1
  %96 = load i32, i32* %95, align 4
  %97 = icmp ne i32 %96, 2
  br i1 %97, label %then37, label %else38

then37:                                           ; preds = %ifcont36
  %98 = load i8*, i8** getelementptr inbounds (%string_descriptor, %string_descriptor* @string_const.40, i32 0, i32 0), align 8
  %99 = load i8*, i8** getelementptr inbounds (%string_descriptor, %string_descriptor* @string_const.42, i32 0, i32 0), align 8
  call void (i8*, ...) @_lcompilers_print_error(i8* getelementptr inbounds ([5 x i8], [5 x i8]* @10, i32 0, i32 0), i8* %98, i8* %99)
  call void @exit(i32 1)
  br label %ifcont39

else38:                                           ; preds = %ifcont36
  br label %ifcont39

ifcont39:                                         ; preds = %else38, %then37
  %100 = getelementptr [4 x i32], [4 x i32]* %b, i32 0, i32 2
  %101 = load i32, i32* %100, align 4
  %102 = icmp ne i32 %101, 3
  br i1 %102, label %then40, label %else41

then40:                                           ; preds = %ifcont39
  %103 = load i8*, i8** getelementptr inbounds (%string_descriptor, %string_descriptor* @string_const.44, i32 0, i32 0), align 8
  %104 = load i8*, i8** getelementptr inbounds (%string_descriptor, %string_descriptor* @string_const.46, i32 0, i32 0), align 8
  call void (i8*, ...) @_lcompilers_print_error(i8* getelementptr inbounds ([5 x i8], [5 x i8]* @11, i32 0, i32 0), i8* %103, i8* %104)
  call void @exit(i32 1)
  br label %ifcont42

else41:                                           ; preds = %ifcont39
  br label %ifcont42

ifcont42:                                         ; preds = %else41, %then40
  %105 = getelementptr [4 x i32], [4 x i32]* %b, i32 0, i32 3
  %106 = getelementptr [4 x i32], [4 x i32]* %b, i32 0, i32 0
  %107 = load i32, i32* %106, align 4
  %108 = getelementptr [4 x i32], [4 x i32]* %b, i32 0, i32 1
  %109 = load i32, i32* %108, align 4
  %110 = add i32 %107, %109
  %111 = getelementptr [4 x i32], [4 x i32]* %b, i32 0, i32 2
  %112 = load i32, i32* %111, align 4
  %113 = add i32 %110, %112
  %114 = getelementptr [3 x i32], [3 x i32]* %a, i32 0, i32 0
  %115 = load i32, i32* %114, align 4
  %116 = add i32 %113, %115
  store i32 %116, i32* %105, align 4
  %117 = getelementptr [4 x i32], [4 x i32]* %b, i32 0, i32 3
  %118 = load i32, i32* %117, align 4
  %119 = icmp ne i32 %118, 17
  br i1 %119, label %then43, label %else44

then43:                                           ; preds = %ifcont42
  %120 = load i8*, i8** getelementptr inbounds (%string_descriptor, %string_descriptor* @string_const.48, i32 0, i32 0), align 8
  %121 = load i8*, i8** getelementptr inbounds (%string_descriptor, %string_descriptor* @string_const.50, i32 0, i32 0), align 8
  call void (i8*, ...) @_lcompilers_print_error(i8* getelementptr inbounds ([5 x i8], [5 x i8]* @12, i32 0, i32 0), i8* %120, i8* %121)
  call void @exit(i32 1)
  br label %ifcont45

else44:                                           ; preds = %ifcont42
  br label %ifcont45

ifcont45:                                         ; preds = %else44, %then43
  %122 = getelementptr [4 x i32], [4 x i32]* %b, i32 0, i32 3
  %123 = getelementptr [3 x i32], [3 x i32]* %a, i32 0, i32 0
  %124 = load i32, i32* %123, align 4
  store i32 %124, i32* %122, align 4
  %125 = getelementptr [4 x i32], [4 x i32]* %b, i32 0, i32 3
  %126 = load i32, i32* %125, align 4
  %127 = icmp ne i32 %126, 11
  br i1 %127, label %then46, label %else47

then46:                                           ; preds = %ifcont45
  %128 = load i8*, i8** getelementptr inbounds (%string_descriptor, %string_descriptor* @string_const.52, i32 0, i32 0), align 8
  %129 = load i8*, i8** getelementptr inbounds (%string_descriptor, %string_descriptor* @string_const.54, i32 0, i32 0), align 8
  call void (i8*, ...) @_lcompilers_print_error(i8* getelementptr inbounds ([5 x i8], [5 x i8]* @13, i32 0, i32 0), i8* %128, i8* %129)
  call void @exit(i32 1)
  br label %ifcont48

else47:                                           ; preds = %ifcont45
  br label %ifcont48

ifcont48:                                         ; preds = %else47, %then46
  %54 = getelementptr [4 x i32], [4 x i32]* %b, i32 0, i32 2
  %55 = load i32, i32* %54, align 4
  %56 = icmp ne i32 %55, 13
  br i1 %56, label %then49, label %else50

then49:                                           ; preds = %ifcont48
  call void (i8*, ...) @_lcompilers_print_error(i8* getelementptr inbounds ([5 x i8], [5 x i8]* @39, i32 0, i32 0), i8* getelementptr inbounds ([11 x i8], [11 x i8]* @37, i32 0, i32 0), i8* getelementptr inbounds ([2 x i8], [2 x i8]* @38, i32 0, i32 0))
  call void @exit(i32 1)
  br label %ifcont51

else50:                                           ; preds = %ifcont48
  br label %ifcont51

ifcont51:                                         ; preds = %else50, %then49
  br i1 false, label %then52, label %else53

then52:                                           ; preds = %ifcont51
  call void (i8*, ...) @_lcompilers_print_error(i8* getelementptr inbounds ([120 x i8], [120 x i8]* @41, i32 0, i32 0), i8* getelementptr inbounds ([2 x i8], [2 x i8]* @40, i32 0, i32 0), i32 4, i32 1, i32 1, i32 4)
  call void @exit(i32 1)
  br label %ifcont54

else53:                                           ; preds = %ifcont51
  br label %ifcont54

ifcont54:                                         ; preds = %else53, %then52
  %57 = getelementptr [4 x i32], [4 x i32]* %b, i32 0, i32 3
  %58 = load i32, i32* %57, align 4
  %59 = icmp ne i32 %58, 14
  br i1 %59, label %then55, label %else56

then55:                                           ; preds = %ifcont54
  call void (i8*, ...) @_lcompilers_print_error(i8* getelementptr inbounds ([5 x i8], [5 x i8]* @44, i32 0, i32 0), i8* getelementptr inbounds ([11 x i8], [11 x i8]* @42, i32 0, i32 0), i8* getelementptr inbounds ([2 x i8], [2 x i8]* @43, i32 0, i32 0))
  call void @exit(i32 1)
  br label %ifcont57

else56:                                           ; preds = %ifcont54
  br label %ifcont57

ifcont57:                                         ; preds = %else56, %then55
  store i32 0, i32* %i1, align 4
  br label %loop.head58

loop.head58:                                      ; preds = %ifcont65, %ifcont57
  %60 = load i32, i32* %i1, align 4
  %61 = add i32 %60, 1
  %62 = load i32, i32* %size_a2, align 4
  %63 = icmp sle i32 %61, %62
  br i1 %63, label %loop.body59, label %loop.end66

loop.body59:                                      ; preds = %loop.head58
  %64 = load i32, i32* %i1, align 4
  %65 = add i32 %64, 1
  store i32 %65, i32* %i1, align 4
  %66 = load i32, i32* %i1, align 4
  %67 = sub i32 %66, 1
  %68 = mul i32 1, %67
  %69 = add i32 0, %68
  %70 = icmp sgt i32 %66, 4
  %71 = icmp slt i32 %66, 1
  %72 = or i1 %71, %70
  br i1 %72, label %then60, label %else61

then60:                                           ; preds = %loop.body59
  call void (i8*, ...) @_lcompilers_print_error(i8* getelementptr inbounds ([120 x i8], [120 x i8]* @46, i32 0, i32 0), i8* getelementptr inbounds ([2 x i8], [2 x i8]* @45, i32 0, i32 0), i32 %66, i32 1, i32 1, i32 4)
  call void @exit(i32 1)
  br label %ifcont62

else61:                                           ; preds = %loop.body59
  br label %ifcont62

ifcont62:                                         ; preds = %else61, %then60
  %73 = getelementptr [4 x i32], [4 x i32]* %b, i32 0, i32 %69
  %74 = load i32, i32* %i1, align 4
  %75 = sub i32 %74, 1
  %76 = mul i32 1, %75
  %77 = add i32 0, %76
  %78 = icmp sgt i32 %74, 3
  %79 = icmp slt i32 %74, 1
  %80 = or i1 %79, %78
  br i1 %80, label %then63, label %else64

then63:                                           ; preds = %ifcont62
  call void (i8*, ...) @_lcompilers_print_error(i8* getelementptr inbounds ([120 x i8], [120 x i8]* @48, i32 0, i32 0), i8* getelementptr inbounds ([2 x i8], [2 x i8]* @47, i32 0, i32 0), i32 %74, i32 1, i32 1, i32 3)
  call void @exit(i32 1)
  br label %ifcont65

else64:                                           ; preds = %ifcont62
  br label %ifcont65

ifcont65:                                         ; preds = %else64, %then63
  %81 = getelementptr [3 x i32], [3 x i32]* %a, i32 0, i32 %77
  %82 = load i32, i32* %81, align 4
  %83 = sub i32 %82, 10
  store i32 %83, i32* %73, align 4
  br label %loop.head58

loop.end66:                                       ; preds = %loop.head58
  br i1 false, label %then67, label %else68

then67:                                           ; preds = %loop.end66
  call void (i8*, ...) @_lcompilers_print_error(i8* getelementptr inbounds ([120 x i8], [120 x i8]* @50, i32 0, i32 0), i8* getelementptr inbounds ([2 x i8], [2 x i8]* @49, i32 0, i32 0), i32 1, i32 1, i32 1, i32 4)
  call void @exit(i32 1)
  br label %ifcont69

else68:                                           ; preds = %loop.end66
  br label %ifcont69

ifcont69:                                         ; preds = %else68, %then67
  %84 = getelementptr [4 x i32], [4 x i32]* %b, i32 0, i32 0
  %85 = load i32, i32* %84, align 4
  %86 = icmp ne i32 %85, 1
  br i1 %86, label %then70, label %else71

then70:                                           ; preds = %ifcont69
  call void (i8*, ...) @_lcompilers_print_error(i8* getelementptr inbounds ([5 x i8], [5 x i8]* @53, i32 0, i32 0), i8* getelementptr inbounds ([11 x i8], [11 x i8]* @51, i32 0, i32 0), i8* getelementptr inbounds ([2 x i8], [2 x i8]* @52, i32 0, i32 0))
  call void @exit(i32 1)
  br label %ifcont72

else71:                                           ; preds = %ifcont69
  br label %ifcont72

ifcont72:                                         ; preds = %else71, %then70
  br i1 false, label %then73, label %else74

then73:                                           ; preds = %ifcont72
  call void (i8*, ...) @_lcompilers_print_error(i8* getelementptr inbounds ([120 x i8], [120 x i8]* @55, i32 0, i32 0), i8* getelementptr inbounds ([2 x i8], [2 x i8]* @54, i32 0, i32 0), i32 2, i32 1, i32 1, i32 4)
  call void @exit(i32 1)
  br label %ifcont75

else74:                                           ; preds = %ifcont72
  br label %ifcont75

ifcont75:                                         ; preds = %else74, %then73
  %87 = getelementptr [4 x i32], [4 x i32]* %b, i32 0, i32 1
  %88 = load i32, i32* %87, align 4
  %89 = icmp ne i32 %88, 2
  br i1 %89, label %then76, label %else77

then76:                                           ; preds = %ifcont75
  call void (i8*, ...) @_lcompilers_print_error(i8* getelementptr inbounds ([5 x i8], [5 x i8]* @58, i32 0, i32 0), i8* getelementptr inbounds ([11 x i8], [11 x i8]* @56, i32 0, i32 0), i8* getelementptr inbounds ([2 x i8], [2 x i8]* @57, i32 0, i32 0))
  call void @exit(i32 1)
  br label %ifcont78

else77:                                           ; preds = %ifcont75
  br label %ifcont78

ifcont78:                                         ; preds = %else77, %then76
  br i1 false, label %then79, label %else80

then79:                                           ; preds = %ifcont78
  call void (i8*, ...) @_lcompilers_print_error(i8* getelementptr inbounds ([120 x i8], [120 x i8]* @60, i32 0, i32 0), i8* getelementptr inbounds ([2 x i8], [2 x i8]* @59, i32 0, i32 0), i32 3, i32 1, i32 1, i32 4)
  call void @exit(i32 1)
  br label %ifcont81

else80:                                           ; preds = %ifcont78
  br label %ifcont81

ifcont81:                                         ; preds = %else80, %then79
  %90 = getelementptr [4 x i32], [4 x i32]* %b, i32 0, i32 2
  %91 = load i32, i32* %90, align 4
  %92 = icmp ne i32 %91, 3
  br i1 %92, label %then82, label %else83

then82:                                           ; preds = %ifcont81
  call void (i8*, ...) @_lcompilers_print_error(i8* getelementptr inbounds ([5 x i8], [5 x i8]* @63, i32 0, i32 0), i8* getelementptr inbounds ([11 x i8], [11 x i8]* @61, i32 0, i32 0), i8* getelementptr inbounds ([2 x i8], [2 x i8]* @62, i32 0, i32 0))
  call void @exit(i32 1)
  br label %ifcont84

else83:                                           ; preds = %ifcont81
  br label %ifcont84

ifcont84:                                         ; preds = %else83, %then82
  br i1 false, label %then85, label %else86

then85:                                           ; preds = %ifcont84
  call void (i8*, ...) @_lcompilers_print_error(i8* getelementptr inbounds ([120 x i8], [120 x i8]* @65, i32 0, i32 0), i8* getelementptr inbounds ([2 x i8], [2 x i8]* @64, i32 0, i32 0), i32 4, i32 1, i32 1, i32 4)
  call void @exit(i32 1)
  br label %ifcont87

else86:                                           ; preds = %ifcont84
  br label %ifcont87

ifcont87:                                         ; preds = %else86, %then85
  %93 = getelementptr [4 x i32], [4 x i32]* %b, i32 0, i32 3
  br i1 false, label %then88, label %else89

then88:                                           ; preds = %ifcont87
  call void (i8*, ...) @_lcompilers_print_error(i8* getelementptr inbounds ([120 x i8], [120 x i8]* @67, i32 0, i32 0), i8* getelementptr inbounds ([2 x i8], [2 x i8]* @66, i32 0, i32 0), i32 1, i32 1, i32 1, i32 4)
  call void @exit(i32 1)
  br label %ifcont90

else89:                                           ; preds = %ifcont87
  br label %ifcont90

ifcont90:                                         ; preds = %else89, %then88
  %94 = getelementptr [4 x i32], [4 x i32]* %b, i32 0, i32 0
  %95 = load i32, i32* %94, align 4
  br i1 false, label %then91, label %else92

then91:                                           ; preds = %ifcont90
  call void (i8*, ...) @_lcompilers_print_error(i8* getelementptr inbounds ([120 x i8], [120 x i8]* @69, i32 0, i32 0), i8* getelementptr inbounds ([2 x i8], [2 x i8]* @68, i32 0, i32 0), i32 2, i32 1, i32 1, i32 4)
  call void @exit(i32 1)
  br label %ifcont93

else92:                                           ; preds = %ifcont90
  br label %ifcont93

ifcont93:                                         ; preds = %else92, %then91
  %96 = getelementptr [4 x i32], [4 x i32]* %b, i32 0, i32 1
  %97 = load i32, i32* %96, align 4
  %98 = add i32 %95, %97
  br i1 false, label %then94, label %else95

then94:                                           ; preds = %ifcont93
  call void (i8*, ...) @_lcompilers_print_error(i8* getelementptr inbounds ([120 x i8], [120 x i8]* @71, i32 0, i32 0), i8* getelementptr inbounds ([2 x i8], [2 x i8]* @70, i32 0, i32 0), i32 3, i32 1, i32 1, i32 4)
  call void @exit(i32 1)
  br label %ifcont96

else95:                                           ; preds = %ifcont93
  br label %ifcont96

ifcont96:                                         ; preds = %else95, %then94
  %99 = getelementptr [4 x i32], [4 x i32]* %b, i32 0, i32 2
  %100 = load i32, i32* %99, align 4
  %101 = add i32 %98, %100
  br i1 false, label %then97, label %else98

then97:                                           ; preds = %ifcont96
  call void (i8*, ...) @_lcompilers_print_error(i8* getelementptr inbounds ([120 x i8], [120 x i8]* @73, i32 0, i32 0), i8* getelementptr inbounds ([2 x i8], [2 x i8]* @72, i32 0, i32 0), i32 1, i32 1, i32 1, i32 3)
  call void @exit(i32 1)
  br label %ifcont99

else98:                                           ; preds = %ifcont96
  br label %ifcont99

ifcont99:                                         ; preds = %else98, %then97
  %102 = getelementptr [3 x i32], [3 x i32]* %a, i32 0, i32 0
  %103 = load i32, i32* %102, align 4
  %104 = add i32 %101, %103
  store i32 %104, i32* %93, align 4
  br i1 false, label %then100, label %else101

then100:                                          ; preds = %ifcont99
  call void (i8*, ...) @_lcompilers_print_error(i8* getelementptr inbounds ([120 x i8], [120 x i8]* @75, i32 0, i32 0), i8* getelementptr inbounds ([2 x i8], [2 x i8]* @74, i32 0, i32 0), i32 4, i32 1, i32 1, i32 4)
  call void @exit(i32 1)
  br label %ifcont102

else101:                                          ; preds = %ifcont99
  br label %ifcont102

ifcont102:                                        ; preds = %else101, %then100
  %105 = getelementptr [4 x i32], [4 x i32]* %b, i32 0, i32 3
  %106 = load i32, i32* %105, align 4
  %107 = icmp ne i32 %106, 17
  br i1 %107, label %then103, label %else104

then103:                                          ; preds = %ifcont102
  call void (i8*, ...) @_lcompilers_print_error(i8* getelementptr inbounds ([5 x i8], [5 x i8]* @78, i32 0, i32 0), i8* getelementptr inbounds ([11 x i8], [11 x i8]* @76, i32 0, i32 0), i8* getelementptr inbounds ([2 x i8], [2 x i8]* @77, i32 0, i32 0))
  call void @exit(i32 1)
  br label %ifcont105

else104:                                          ; preds = %ifcont102
  br label %ifcont105

ifcont105:                                        ; preds = %else104, %then103
  br i1 false, label %then106, label %else107

then106:                                          ; preds = %ifcont105
  call void (i8*, ...) @_lcompilers_print_error(i8* getelementptr inbounds ([120 x i8], [120 x i8]* @80, i32 0, i32 0), i8* getelementptr inbounds ([2 x i8], [2 x i8]* @79, i32 0, i32 0), i32 4, i32 1, i32 1, i32 4)
  call void @exit(i32 1)
  br label %ifcont108

else107:                                          ; preds = %ifcont105
  br label %ifcont108

ifcont108:                                        ; preds = %else107, %then106
  %108 = getelementptr [4 x i32], [4 x i32]* %b, i32 0, i32 3
  br i1 false, label %then109, label %else110

then109:                                          ; preds = %ifcont108
  call void (i8*, ...) @_lcompilers_print_error(i8* getelementptr inbounds ([120 x i8], [120 x i8]* @82, i32 0, i32 0), i8* getelementptr inbounds ([2 x i8], [2 x i8]* @81, i32 0, i32 0), i32 1, i32 1, i32 1, i32 3)
  call void @exit(i32 1)
  br label %ifcont111

else110:                                          ; preds = %ifcont108
  br label %ifcont111

ifcont111:                                        ; preds = %else110, %then109
  %109 = getelementptr [3 x i32], [3 x i32]* %a, i32 0, i32 0
  %110 = load i32, i32* %109, align 4
  store i32 %110, i32* %108, align 4
  br i1 false, label %then112, label %else113

then112:                                          ; preds = %ifcont111
  call void (i8*, ...) @_lcompilers_print_error(i8* getelementptr inbounds ([120 x i8], [120 x i8]* @84, i32 0, i32 0), i8* getelementptr inbounds ([2 x i8], [2 x i8]* @83, i32 0, i32 0), i32 4, i32 1, i32 1, i32 4)
  call void @exit(i32 1)
  br label %ifcont114

else113:                                          ; preds = %ifcont111
  br label %ifcont114

ifcont114:                                        ; preds = %else113, %then112
  %111 = getelementptr [4 x i32], [4 x i32]* %b, i32 0, i32 3
  %112 = load i32, i32* %111, align 4
  %113 = icmp ne i32 %112, 11
  br i1 %113, label %then115, label %else116

then115:                                          ; preds = %ifcont114
  call void (i8*, ...) @_lcompilers_print_error(i8* getelementptr inbounds ([5 x i8], [5 x i8]* @87, i32 0, i32 0), i8* getelementptr inbounds ([11 x i8], [11 x i8]* @85, i32 0, i32 0), i8* getelementptr inbounds ([2 x i8], [2 x i8]* @86, i32 0, i32 0))
  call void @exit(i32 1)
  br label %ifcont117

else116:                                          ; preds = %ifcont114
  br label %ifcont117

ifcont117:                                        ; preds = %else116, %then115
  call void @_lpython_free_argv()
  br label %return

return:                                           ; preds = %ifcont117
  ret i32 0
}

declare void @_lpython_call_initial_functions(i32, i8**)

declare void @_lcompilers_print_error(i8*, ...)

declare void @exit(i32)

declare void @_lpython_free_argv()
