2.22044604925031308e-16
weird coincidence, that is the same as     2.22044604925031308e-16
congratulations! You calculated the epsilon value of a machine the hard way!
0011110010110000000000000000000000000000000000000000000000000000
