 +12.1+122.1 122.1
 +011
+011
+11
  +11
-11
-1111
***
11
        +0.1234567871D+05
+0.123456789101111989708674472293960984310250256775136653828155E-61
+12.3457E+03   +12.8E+03
 +1.0
