Runtime error: Array shape mismatch in subroutine 'my'

Tried to match size 4 of dimension 2 of argument number 1, but expected size is 1
